
> shothik-v3@0.1.0 build /app
> next build

[baseline-browser-mapping] The data in this module is over two months old.  To ensure accurate Baseline data, please update: `npm i baseline-browser-mapping@latest -D`
   ▲ Next.js 16.0.7 (Turbopack)

 ⚠ The "middleware" file convention is deprecated. Please use "proxy" instead. Learn more: https://nextjs.org/docs/messages/middleware-to-proxy
   Creating an optimized production build ...
[baseline-browser-mapping] The data in this module is over two months old.  To ensure accurate Baseline data, please update: `npm i baseline-browser-mapping@latest -D`
[baseline-browser-mapping] The data in this module is over two months old.  To ensure accurate Baseline data, please update: `npm i baseline-browser-mapping@latest -D`

> Build error occurred
Error: Turbopack build failed with 18 errors:
./src/app/(primary-layout)/agents/share-agent/[shareId]/page.jsx:54:5
Parsing ecmascript source code failed
[0m [90m 52 |[39m       isAuthenticated[33m,[39m
 [90m 53 |[39m       user[33m,[39m
[31m[1m>[22m[39m[90m 54 |[39m     })[33m;[39m
 [90m    |[39m     [31m[1m^[22m[39m
 [90m 55 |[39m     [36mif[39m (shareId) {
 [90m 56 |[39m       loadSharedAgent()[33m;[39m
 [90m 57 |[39m     }[0m

Expression expected


./src/app/(primary-layout)/agents/shared-sheet/[shareId]/page.jsx:355:7
Parsing ecmascript source code failed
[0m [90m 353 |[39m         [32m"✅ Expected URL:"[39m[33m,[39m
 [90m 354 |[39m         [32m"https://api-qa.shothik.ai/sheet/chat/replicate_chat"[39m[33m,[39m
[31m[1m>[22m[39m[90m 355 |[39m       )[33m;[39m
 [90m     |[39m       [31m[1m^[22m[39m
 [90m 356 |[39m
 [90m 357 |[39m       [90m// Prepare the request payload[39m
 [90m 358 |[39m       [36mconst[39m requestPayload [33m=[39m {[0m

Expression expected


./src/components/(primary-layout)/(grammar-checker-page)/GrammarCheckerContentSection/index.jsx:424:11
Parsing ecmascript source code failed
[0m [90m 422 |[39m           [90m// User is typing after initial mount - reset skipCheckRef to allow checking[39m
 [90m 423 |[39m             [32m"[Editor Update] User typing detected, resetting skipCheckRef"[39m[33m,[39m
[31m[1m>[22m[39m[90m 424 |[39m           )[33m;[39m
 [90m     |[39m           [31m[1m^[22m[39m
 [90m 425 |[39m           skipCheckRef[33m.[39mcurrent [33m=[39m [36mfalse[39m[33m;[39m
 [90m 426 |[39m           isFromEditorUpdateRef[33m.[39mcurrent [33m=[39m [36mtrue[39m[33m;[39m
 [90m 427 |[39m           hasUserInputRef[33m.[39mcurrent [33m=[39m [36mtrue[39m[33m;[39m[0m

Expression expected

Import trace:
  Server Component:
    ./src/components/(primary-layout)/(grammar-checker-page)/GrammarCheckerContentSection/index.jsx
    ./src/app/(primary-layout)/grammar-checker/page.jsx


./src/components/(primary-layout)/(home-v2-page)/(home-components)/new-components/InteractiveAgentDemo.jsx:148:20
Parsing ecmascript source code failed
[0m [90m 146 |[39m [36mconst[39m mockAnalytics [33m=[39m {
 [90m 147 |[39m   trackAgentInteraction[33m:[39m (id[33m,[39m action[33m,[39m length) [33m=>[39m
[31m[1m>[22m[39m[90m 148 |[39m   trackFeatureClick[33m:[39m (feature[33m,[39m context) [33m=>[39m
 [90m     |[39m                    [31m[1m^[22m[39m
 [90m 149 |[39m   trackError[33m:[39m (type[33m,[39m message[33m,[39m context) [33m=>[39m
 [90m 150 |[39m }[33m;[39m
 [90m 151 |[39m[0m

Expected ',', got ':'

Import trace:
  Client Component Browser:
    ./src/components/(primary-layout)/(home-v2-page)/(home-components)/new-components/InteractiveAgentDemo.jsx [Client Component Browser]
    ./src/components/(primary-layout)/(home-v2-page)/HomeContentSection/index.jsx [Client Component Browser]
    ./src/components/(primary-layout)/(home-v2-page)/HomeContentSection/index.jsx [Server Component]
    ./src/app/(primary-layout)/home-v2/page.jsx [Server Component]


./src/components/(primary-layout)/(marketing-automation-page)/AIMedia/AvatarsSection.tsx:165:11
Parsing ecmascript source code failed
[0m [90m 163 |[39m             [32m"Creator object keys:"[39m[33m,[39m
 [90m 164 |[39m             [33mObject[39m[33m.[39mkeys(result[33m.[39mdata[33m.[39mresults[[35m0[39m] [33m||[39m [32m"No keys"[39m)[33m,[39m
[31m[1m>[22m[39m[90m 165 |[39m           )[33m;[39m
 [90m     |[39m           [31m[1m^[22m[39m
 [90m 166 |[39m         }
 [90m 167 |[39m
 [90m 168 |[39m         [90m// DEBUG: Check if we have date information in response headers or metadata[39m[0m

Expression expected

Import traces:
  Client Component Browser:
    ./src/components/(primary-layout)/(marketing-automation-page)/AIMedia/AvatarsSection.tsx [Client Component Browser]
    ./src/components/(primary-layout)/(marketing-automation-page)/AIMedia.tsx [Client Component Browser]
    ./src/components/(primary-layout)/(marketing-automation-page)/AIMedia.tsx [Server Component]
    ./src/app/(primary-layout)/marketing-automation/media/[projectId]/page.tsx [Server Component]

  Client Component SSR:
    ./src/components/(primary-layout)/(marketing-automation-page)/AIMedia/AvatarsSection.tsx [Client Component SSR]
    ./src/components/(primary-layout)/(marketing-automation-page)/AIMedia.tsx [Client Component SSR]
    ./src/components/(primary-layout)/(marketing-automation-page)/AIMedia.tsx [Server Component]
    ./src/app/(primary-layout)/marketing-automation/media/[projectId]/page.tsx [Server Component]


./src/components/(primary-layout)/(marketing-automation-page)/AIMedia/SmartAssetsSection.tsx:73:3
Parsing ecmascript source code failed
[0m [90m 71 |[39m       type[33m:[39m a[33m.[39mtype[33m,[39m
 [90m 72 |[39m     }))[33m,[39m
[31m[1m>[22m[39m[90m 73 |[39m   )[33m;[39m
 [90m    |[39m   [31m[1m^[22m[39m
 [90m 74 |[39m
 [90m 75 |[39m   [90m// Mutations[39m
 [90m 76 |[39m   [36mconst[39m uploadToImageKit [33m=[39m useUploadToImageKit()[33m;[39m[0m

Expression expected

Import traces:
  Client Component Browser:
    ./src/components/(primary-layout)/(marketing-automation-page)/AIMedia/SmartAssetsSection.tsx [Client Component Browser]
    ./src/components/(primary-layout)/(marketing-automation-page)/AIMedia.tsx [Client Component Browser]
    ./src/components/(primary-layout)/(marketing-automation-page)/AIMedia.tsx [Server Component]
    ./src/app/(primary-layout)/marketing-automation/media/[projectId]/page.tsx [Server Component]

  Client Component SSR:
    ./src/components/(primary-layout)/(marketing-automation-page)/AIMedia/SmartAssetsSection.tsx [Client Component SSR]
    ./src/components/(primary-layout)/(marketing-automation-page)/AIMedia.tsx [Client Component SSR]
    ./src/components/(primary-layout)/(marketing-automation-page)/AIMedia.tsx [Server Component]
    ./src/app/(primary-layout)/marketing-automation/media/[projectId]/page.tsx [Server Component]


./src/components/(primary-layout)/(marketing-automation-page)/Canvas.tsx:113:7
Parsing ecmascript source code failed
[0m [90m 111 |[39m         [32m"Reconstructing suggestions from existing campaign data:"[39m[33m,[39m
 [90m 112 |[39m         data[33m,[39m
[31m[1m>[22m[39m[90m 113 |[39m       )[33m;[39m
 [90m     |[39m       [31m[1m^[22m[39m
 [90m 114 |[39m
 [90m 115 |[39m       [36mconst[39m firstCampaign [33m=[39m data[33m.[39mcampaigns[33m?[39m[33m.[39m[[35m0[39m][33m;[39m
 [90m 116 |[39m       [36mif[39m ([33m![39mfirstCampaign) [36mreturn[39m [36mnull[39m[33m;[39m[0m

Expression expected

Import trace:
  Server Component:
    ./src/components/(primary-layout)/(marketing-automation-page)/Canvas.tsx
    ./src/app/(primary-layout)/marketing-automation/canvas/[projectId]/page.tsx


./src/components/(primary-layout)/(marketing-automation-page)/Dashboard/index.tsx:121:15
Parsing ecmascript source code failed
[0m [90m 119 |[39m             [33m?[39m[33m.[39mfilter((c[33m:[39m [33mCampaign[39m) [33m=>[39m {
 [90m 120 |[39m                 [32m`Campaign: ${c.name}, Status: ${c.status}, MetaID: ${c.metaCampaignId}`[39m[33m,[39m
[31m[1m>[22m[39m[90m 121 |[39m               )[33m;[39m
 [90m     |[39m               [31m[1m^[22m[39m
 [90m 122 |[39m               [36mreturn[39m c[33m.[39mmetaCampaignId [33m&&[39m c[33m.[39mstatus [33m===[39m [32m"published"[39m[33m;[39m
 [90m 123 |[39m             })
 [90m 124 |[39m             [33m.[39mmap((campaign[33m:[39m [33mCampaign[39m) [33m=>[39m {[0m

Expression expected

Import traces:
  Client Component Browser:
    ./src/components/(primary-layout)/(marketing-automation-page)/Dashboard/index.tsx [Client Component Browser]
    ./src/components/(primary-layout)/(marketing-automation-page)/Dashboard.tsx [Client Component Browser]
    ./src/components/(primary-layout)/(marketing-automation-page)/Dashboard.tsx [Server Component]
    ./src/app/(primary-layout)/marketing-automation/dashboard/[projectId]/page.tsx [Server Component]

  Client Component SSR:
    ./src/components/(primary-layout)/(marketing-automation-page)/Dashboard/index.tsx [Client Component SSR]
    ./src/components/(primary-layout)/(marketing-automation-page)/Dashboard.tsx [Client Component SSR]
    ./src/components/(primary-layout)/(marketing-automation-page)/Dashboard.tsx [Server Component]
    ./src/app/(primary-layout)/marketing-automation/dashboard/[projectId]/page.tsx [Server Component]


./src/components/(primary-layout)/(marketing-automation-page)/FacebookAccountSelectionScreen.tsx:301:11
Parsing ecmascript source code failed
[0m [90m 299 |[39m [32m              response.data?.length || 0[39m
 [90m 300 |[39m [32m            } pixels for business account`[39m[33m,[39m
[31m[1m>[22m[39m[90m 301 |[39m           )[33m;[39m
 [90m     |[39m           [31m[1m^[22m[39m
 [90m 302 |[39m         } [36melse[39m {
 [90m 303 |[39m           console[33m.[39merror([32m"Failed to fetch pixels:"[39m[33m,[39m response[33m.[39merror)[33m;[39m
 [90m 304 |[39m           setPixels([])[33m;[39m[0m

Expression expected

Import trace:
  Server Component:
    ./src/components/(primary-layout)/(marketing-automation-page)/FacebookAccountSelectionScreen.tsx
    ./src/app/(primary-layout)/marketing-automation/canvas/[projectId]/publish/select-accounts/page.tsx


./src/components/(primary-layout)/(plagiarism-checker)/PlagiarismCheckerContentSection/index.jsx:62:19
Parsing ecmascript source code failed
[0m [90m 60 |[39m   useEffect(() [33m=>[39m {
 [90m 61 |[39m       hasReport[33m:[39m hasReport[33m,[39m
[31m[1m>[22m[39m[90m 62 |[39m       reportExists[33m:[39m [33m![39m[33m![39mreport[33m,[39m
 [90m    |[39m                   [31m[1m^[22m[39m
 [90m 63 |[39m       reportType[33m:[39m report [33m?[39m [36mtypeof[39m report [33m:[39m [32m'null'[39m[33m,[39m
 [90m 64 |[39m       analysisId[33m:[39m report[33m?[39m[33m.[39manalysisId[33m,[39m
 [90m 65 |[39m       sectionsCount[33m:[39m report[33m?[39m[33m.[39msections[33m?[39m[33m.[39mlength[33m,[39m[0m

Expected ';', '}' or <eof>

Import trace:
  Server Component:
    ./src/components/(primary-layout)/(plagiarism-checker)/PlagiarismCheckerContentSection/index.jsx
    ./src/app/(primary-layout)/plagiarism-checker/page.jsx


./src/components/(primary-layout)/(summarize-page)/SummarizeContentSection/index.jsx:495:17
Parsing ecmascript source code failed
[0m [90m 493 |[39m                   [32m":"[39m[33m,[39m
 [90m 494 |[39m                   result[33m,[39m
[31m[1m>[22m[39m[90m 495 |[39m                 )[33m;[39m
 [90m     |[39m                 [31m[1m^[22m[39m
 [90m 496 |[39m
 [90m 497 |[39m                 [90m// Handle different response structures[39m
 [90m 498 |[39m                 [36mlet[39m keywordsData [33m=[39m [][33m;[39m[0m

Expression expected

Import trace:
  Server Component:
    ./src/components/(primary-layout)/(summarize-page)/SummarizeContentSection/index.jsx
    ./src/app/(primary-layout)/summarize/page.jsx


./src/components/presentation/InputAreas.jsx:79:5
Parsing ecmascript source code failed
[0m [90m 77 |[39m       [32m"Selected files:"[39m[33m,[39m
 [90m 78 |[39m       files[33m.[39mmap((f) [33m=>[39m ({ name[33m:[39m f[33m.[39mname[33m,[39m type[33m:[39m f[33m.[39mtype[33m,[39m size[33m:[39m f[33m.[39msize }))[33m,[39m
[31m[1m>[22m[39m[90m 79 |[39m     )[33m;[39m
 [90m    |[39m     [31m[1m^[22m[39m
 [90m 80 |[39m
 [90m 81 |[39m     [90m// Check file type and size[39m
 [90m 82 |[39m     [36mconst[39m allowedTypes [33m=[39m [[0m

Expression expected

Import traces:
  Client Component Browser:
    ./src/components/presentation/InputAreas.jsx [Client Component Browser]
    ./src/components/presentation/ChatArea.jsx [Client Component Browser]
    ./src/app/(primary-layout)/slide/replay/page.jsx [Client Component Browser]
    ./src/app/(primary-layout)/slide/replay/page.jsx [Server Component]

  Client Component SSR:
    ./src/components/presentation/InputAreas.jsx [Client Component SSR]
    ./src/components/presentation/ChatArea.jsx [Client Component SSR]
    ./src/app/(primary-layout)/slide/replay/page.jsx [Client Component SSR]
    ./src/app/(primary-layout)/slide/replay/page.jsx [Server Component]


./src/components/presentation/PresentationAgentPageV2.jsx:97:14
Parsing ecmascript source code failed
[0m [90m  95 |[39m     currentStatus[33m,[39m
 [90m  96 |[39m     socketConnected[33m,[39m
[31m[1m>[22m[39m[90m  97 |[39m     logsCount[33m:[39m presentationState[33m.[39mlogs[33m.[39mlength[33m,[39m
 [90m     |[39m              [31m[1m^[22m[39m
 [90m  98 |[39m     slidesCount[33m:[39m presentationState[33m.[39mslides[33m.[39mlength[33m,[39m
 [90m  99 |[39m     status[33m:[39m presentationState[33m.[39mstatus[33m,[39m
 [90m 100 |[39m   })[33m;[39m[0m

Expected ';', '}' or <eof>

Import trace:
  Client Component Browser:
    ./src/components/presentation/PresentationAgentPageV2.jsx [Client Component Browser]
    ./src/app/(primary-layout)/agents/[agentType]/page.jsx [Client Component Browser]
    ./src/app/(primary-layout)/agents/[agentType]/page.jsx [Server Component]


./src/components/presentation/PreviewPanel.jsx:90:23
Parsing ecmascript source code failed
[0m [90m 88 |[39m       presentationStatus[33m,[39m
 [90m 89 |[39m       hasReplay[33m,[39m
[31m[1m>[22m[39m[90m 90 |[39m       shouldShowButton[33m:[39m
 [90m    |[39m                       [31m[1m^[22m[39m
 [90m 91 |[39m         (status [33m===[39m [32m"completed"[39m [33m||[39m status [33m===[39m [32m"saved"[39m) [33m&&[39m [33m![39mhasReplay[33m,[39m
 [90m 92 |[39m       href[33m:[39m presentationId [33m?[39m [32m`/slides?project_id=${presentationId}`[39m [33m:[39m [32m"MISSING_ID"[39m[33m,[39m
 [90m 93 |[39m     })[33m;[39m[0m

Expected ';', '}' or <eof>

Import traces:
  Client Component Browser:
    ./src/components/presentation/PreviewPanel.jsx [Client Component Browser]
    ./src/app/(primary-layout)/slide/replay/page.jsx [Client Component Browser]
    ./src/app/(primary-layout)/slide/replay/page.jsx [Server Component]

  Client Component SSR:
    ./src/components/presentation/PreviewPanel.jsx [Client Component SSR]
    ./src/app/(primary-layout)/slide/replay/page.jsx [Client Component SSR]
    ./src/app/(primary-layout)/slide/replay/page.jsx [Server Component]


./src/components/sheet/SheetChatArea.jsx:782:15
Parsing ecmascript source code failed
[0m [90m 780 |[39m             [36mif[39m (data[33m?[39m[33m.[39mdata[33m?[39m[33m.[39merror) {
 [90m 781 |[39m                 [32m"Validation error detected, removing user message and showing toast"[39m[33m,[39m
[31m[1m>[22m[39m[90m 782 |[39m               )[33m;[39m
 [90m     |[39m               [31m[1m^[22m[39m
 [90m 783 |[39m
 [90m 784 |[39m               [90m// Remove the user message that couldn't be processed[39m
 [90m 785 |[39m               setMessages((prev) [33m=>[39m[0m

Expression expected

Import traces:
  Client Component Browser:
    ./src/components/sheet/SheetChatArea.jsx [Client Component Browser]
    ./src/components/sheet/SheetAgentPage.jsx [Client Component Browser]
    ./src/app/(primary-layout)/agents/[agentType]/page.jsx [Client Component Browser]
    ./src/app/(primary-layout)/agents/[agentType]/page.jsx [Server Component]

  Client Component SSR:
    ./src/components/sheet/SheetChatArea.jsx [Client Component SSR]
    ./src/components/sheet/SheetAgentPage.jsx [Client Component SSR]
    ./src/app/(primary-layout)/agents/[agentType]/page.jsx [Client Component SSR]
    ./src/app/(primary-layout)/agents/[agentType]/page.jsx [Server Component]


./src/components/tools/humanize/GPTHistoryTab.jsx:30:3
Parsing ecmascript source code failed
[0m [90m 28 |[39m     [32m"GPTHistoryTab received handleHistorySelect:"[39m[33m,[39m
 [90m 29 |[39m     [36mtypeof[39m handleHistorySelect[33m,[39m
[31m[1m>[22m[39m[90m 30 |[39m   )[33m;[39m
 [90m    |[39m   [31m[1m^[22m[39m
 [90m 31 |[39m   [36mconst[39m [expandedEntries[33m,[39m setExpandedEntries] [33m=[39m useState({})[33m;[39m
 [90m 32 |[39m   [36mconst[39m [expandedGroups[33m,[39m setExpandedGroups] [33m=[39m useState({})[33m;[39m
 [90m 33 |[39m   [36mconst[39m [deleteDialogOpen[33m,[39m setDeleteDialogOpen] [33m=[39m useState([36mfalse[39m)[33m;[39m[0m

Expression expected

Import traces:
  Client Component Browser:
    ./src/components/tools/humanize/GPTHistoryTab.jsx [Client Component Browser]
    ./src/components/tools/humanize/GPTsettingSidebar.jsx [Client Component Browser]
    ./src/components/tools/humanize/HumanizedContend.jsx [Client Component Browser]
    ./src/components/tools/humanize/HumanizedContend.jsx [Server Component]
    ./src/app/(primary-layout)/humanize-gpt/page.jsx [Server Component]

  Client Component SSR:
    ./src/components/tools/humanize/GPTHistoryTab.jsx [Client Component SSR]
    ./src/components/tools/humanize/GPTsettingSidebar.jsx [Client Component SSR]
    ./src/components/tools/humanize/HumanizedContend.jsx [Client Component SSR]
    ./src/components/tools/humanize/HumanizedContend.jsx [Server Component]
    ./src/app/(primary-layout)/humanize-gpt/page.jsx [Server Component]


./src/components/tools/humanize/TopNavigation.jsx:37:15
Parsing ecmascript source code failed
[0m [90m 35 |[39m     [90m// Raven is now available to all users (lock removed)[39m
 [90m 36 |[39m       previousModel[33m:[39m model[33m,[39m
[31m[1m>[22m[39m[90m 37 |[39m       newModel[33m:[39m tab[33m,[39m
 [90m    |[39m               [31m[1m^[22m[39m
 [90m 38 |[39m       userPackage[33m,[39m
 [90m 39 |[39m     })[33m;[39m
 [90m 40 |[39m     setShalowAlert([36mfalse[39m)[33m;[39m[0m

Expected ';', '}' or <eof>

Import traces:
  Client Component Browser:
    ./src/components/tools/humanize/TopNavigation.jsx [Client Component Browser]
    ./src/components/tools/humanize/HumanizedContend.jsx [Client Component Browser]
    ./src/components/tools/humanize/HumanizedContend.jsx [Server Component]
    ./src/app/(primary-layout)/humanize-gpt/page.jsx [Server Component]

  Client Component SSR:
    ./src/components/tools/humanize/TopNavigation.jsx [Client Component SSR]
    ./src/components/tools/humanize/HumanizedContend.jsx [Client Component SSR]
    ./src/components/tools/humanize/HumanizedContend.jsx [Server Component]
    ./src/app/(primary-layout)/humanize-gpt/page.jsx [Server Component]


./src/components/tools/research/ReferenceModal.jsx:12:12
Parsing ecmascript source code failed
[0m [90m 10 |[39m     open[33m,[39m
 [90m 11 |[39m     reference[33m,[39m
[31m[1m>[22m[39m[90m 12 |[39m     sources[33m:[39m sources[33m?[39m[33m.[39mlength[33m,[39m
 [90m    |[39m            [31m[1m^[22m[39m
 [90m 13 |[39m     anchorEl[33m,[39m
 [90m 14 |[39m   })[33m;[39m
 [90m 15 |[39m[0m

Expected ';', '}' or <eof>

Import traces:
  Client Component Browser:
    ./src/components/tools/research/ReferenceModal.jsx [Client Component Browser]
    ./src/components/tools/research/ResearchContentWithReferences.jsx [Client Component Browser]
    ./src/components/tools/research/RenderPart.jsx [Client Component Browser]
    ./src/components/tools/research/ResearchContend.jsx [Client Component Browser]
    ./src/components/tools/research/ResearchContend.jsx [Server Component]
    ./src/app/(primary-layout)/research/page.jsx [Server Component]

  Client Component SSR:
    ./src/components/tools/research/ReferenceModal.jsx [Client Component SSR]
    ./src/components/tools/research/ResearchContentWithReferences.jsx [Client Component SSR]
    ./src/components/tools/research/RenderPart.jsx [Client Component SSR]
    ./src/components/tools/research/ResearchContend.jsx [Client Component SSR]
    ./src/components/tools/research/ResearchContend.jsx [Server Component]
    ./src/app/(primary-layout)/research/page.jsx [Server Component]


    at <unknown> (./src/app/(primary-layout)/agents/share-agent/[shareId]/page.jsx:54:5)
    at <unknown> (./src/app/(primary-layout)/agents/shared-sheet/[shareId]/page.jsx:355:7)
    at <unknown> (./src/components/(primary-layout)/(grammar-checker-page)/GrammarCheckerContentSection/index.jsx:424:11)
    at <unknown> (./src/components/(primary-layout)/(home-v2-page)/(home-components)/new-components/InteractiveAgentDemo.jsx:148:20)
    at <unknown> (./src/components/(primary-layout)/(marketing-automation-page)/AIMedia/AvatarsSection.tsx:165:11)
    at <unknown> (./src/components/(primary-layout)/(marketing-automation-page)/AIMedia/SmartAssetsSection.tsx:73:3)
    at <unknown> (./src/components/(primary-layout)/(marketing-automation-page)/Canvas.tsx:113:7)
    at <unknown> (./src/components/(primary-layout)/(marketing-automation-page)/Dashboard/index.tsx:121:15)
    at <unknown> (./src/components/(primary-layout)/(marketing-automation-page)/FacebookAccountSelectionScreen.tsx:301:11)
    at <unknown> (./src/components/(primary-layout)/(plagiarism-checker)/PlagiarismCheckerContentSection/index.jsx:62:19)
    at <unknown> (./src/components/(primary-layout)/(summarize-page)/SummarizeContentSection/index.jsx:495:17)
    at <unknown> (./src/components/presentation/InputAreas.jsx:79:5)
    at <unknown> (./src/components/presentation/PresentationAgentPageV2.jsx:97:14)
    at <unknown> (./src/components/presentation/PreviewPanel.jsx:90:23)
    at <unknown> (./src/components/sheet/SheetChatArea.jsx:782:15)
    at <unknown> (./src/components/tools/humanize/GPTHistoryTab.jsx:30:3)
    at <unknown> (./src/components/tools/humanize/TopNavigation.jsx:37:15)
    at <unknown> (./src/components/tools/research/ReferenceModal.jsx:12:12)
 ELIFECYCLE  Command failed with exit code 1.
