
> shothik-v3@0.1.0 build /app
> next build

[baseline-browser-mapping] The data in this module is over two months old.  To ensure accurate Baseline data, please update: `npm i baseline-browser-mapping@latest -D`
   ▲ Next.js 16.0.7 (Turbopack)

 ⚠ The "middleware" file convention is deprecated. Please use "proxy" instead. Learn more: https://nextjs.org/docs/messages/middleware-to-proxy
   Creating an optimized production build ...
[baseline-browser-mapping] The data in this module is over two months old.  To ensure accurate Baseline data, please update: `npm i baseline-browser-mapping@latest -D`
[baseline-browser-mapping] The data in this module is over two months old.  To ensure accurate Baseline data, please update: `npm i baseline-browser-mapping@latest -D`
 ✓ Compiled successfully in 57s
   Running TypeScript ...
Failed to compile.

./src/app/api/sheet/conversation/create_conversation/route.ts:15:46
Type error: This expression is not callable.
  Each member of the union type '{ <ResultDoc = any>(id: any, projection: ProjectionType<any>, options: QueryOptions<any> & { lean: true; }): Query<any, ResultDoc, {}, any, "findOne", {}>; <ResultDoc = any>(id?: any, projection?: ProjectionType<...>, options?: QueryOptions<...>): Query<...>; } | { ...; }' has signatures, but none of those signatures are compatible with each other.

[0m [90m 13 |[39m         [36mif[39m (chatId) {
 [90m 14 |[39m             [36mtry[39m {
[31m[1m>[22m[39m[90m 15 |[39m                 session [33m=[39m [36mawait[39m [33mSheetSession[39m[33m.[39mfindById(chatId)[33m;[39m
 [90m    |[39m                                              [31m[1m^[22m[39m
 [90m 16 |[39m             } [36mcatch[39m (e) { }
 [90m 17 |[39m         }
 [90m 18 |[39m[0m
Next.js build worker exited with code: 1 and signal: null
 ELIFECYCLE  Command failed with exit code 1.
